&&&& RUNNING TensorRT.trtexec [TensorRT v100300] # /usr/src/tensorrt/bin/trtexec --loadEngine=artifacts/obstacle_lower_limb/best.engine --warmUp=5000 --duration=60 --useCudaGraph --useSpinWait
[08/03/2026-14:10:56] [I] === Model Options ===
[08/03/2026-14:10:56] [I] Format: *
[08/03/2026-14:10:56] [I] Model: 
[08/03/2026-14:10:56] [I] Output:
[08/03/2026-14:10:56] [I] 
[08/03/2026-14:10:56] [I] === System Options ===
[08/03/2026-14:10:56] [I] Device: 0
[08/03/2026-14:10:56] [I] DLACore: 
[08/03/2026-14:10:56] [I] Plugins:
[08/03/2026-14:10:56] [I] setPluginsToSerialize:
[08/03/2026-14:10:56] [I] dynamicPlugins:
[08/03/2026-14:10:56] [I] ignoreParsedPluginLibs: 0
[08/03/2026-14:10:56] [I] 
[08/03/2026-14:10:56] [I] === Inference Options ===
[08/03/2026-14:10:56] [I] Batch: Explicit
[08/03/2026-14:10:56] [I] Input inference shapes: model
[08/03/2026-14:10:56] [I] Iterations: 10
[08/03/2026-14:10:56] [I] Duration: 60s (+ 5000ms warm up)
[08/03/2026-14:10:56] [I] Sleep time: 0ms
[08/03/2026-14:10:56] [I] Idle time: 0ms
[08/03/2026-14:10:56] [I] Inference Streams: 1
[08/03/2026-14:10:56] [I] ExposeDMA: Disabled
[08/03/2026-14:10:56] [I] Data transfers: Enabled
[08/03/2026-14:10:56] [I] Spin-wait: Enabled
[08/03/2026-14:10:56] [I] Multithreading: Disabled
[08/03/2026-14:10:56] [I] CUDA Graph: Enabled
[08/03/2026-14:10:56] [I] Separate profiling: Disabled
[08/03/2026-14:10:56] [I] Time Deserialize: Disabled
[08/03/2026-14:10:56] [I] Time Refit: Disabled
[08/03/2026-14:10:56] [I] NVTX verbosity: 0
[08/03/2026-14:10:56] [I] Persistent Cache Ratio: 0
[08/03/2026-14:10:56] [I] Optimization Profile Index: 0
[08/03/2026-14:10:56] [I] Weight Streaming Budget: 100.000000%
[08/03/2026-14:10:56] [I] Inputs:
[08/03/2026-14:10:56] [I] Debug Tensor Save Destinations:
[08/03/2026-14:10:56] [I] === Reporting Options ===
[08/03/2026-14:10:56] [I] Verbose: Disabled
[08/03/2026-14:10:56] [I] Averages: 10 inferences
[08/03/2026-14:10:56] [I] Percentiles: 90,95,99
[08/03/2026-14:10:56] [I] Dump refittable layers:Disabled
[08/03/2026-14:10:56] [I] Dump output: Disabled
[08/03/2026-14:10:56] [I] Profile: Disabled
[08/03/2026-14:10:56] [I] Export timing to JSON file: 
[08/03/2026-14:10:56] [I] Export output to JSON file: 
[08/03/2026-14:10:56] [I] Export profile to JSON file: 
[08/03/2026-14:10:56] [I] 
[08/03/2026-14:10:56] [I] === Device Information ===
[08/03/2026-14:10:56] [I] Available Devices: 
[08/03/2026-14:10:56] [I]   Device 0: "Orin" UUID: GPU-e853e642-7c72-5934-b954-e54eb5c694b9
[08/03/2026-14:10:56] [I] Selected Device: Orin
[08/03/2026-14:10:56] [I] Selected Device ID: 0
[08/03/2026-14:10:56] [I] Selected Device UUID: GPU-e853e642-7c72-5934-b954-e54eb5c694b9
[08/03/2026-14:10:56] [I] Compute Capability: 8.7
[08/03/2026-14:10:56] [I] SMs: 8
[08/03/2026-14:10:56] [I] Device Global Memory: 7619 MiB
[08/03/2026-14:10:56] [I] Shared Memory per SM: 164 KiB
[08/03/2026-14:10:56] [I] Memory Bus Width: 128 bits (ECC disabled)
[08/03/2026-14:10:56] [I] Application Compute Clock Rate: 1.02 GHz
[08/03/2026-14:10:56] [I] Application Memory Clock Rate: 0.918 GHz
[08/03/2026-14:10:56] [I] 
[08/03/2026-14:10:56] [I] Note: The application clock rates do not reflect the actual clock rates that the GPU is currently running at.
[08/03/2026-14:10:56] [I] 
[08/03/2026-14:10:56] [I] TensorRT version: 10.3.0
[08/03/2026-14:10:56] [I] Loading standard plugins
[08/03/2026-14:10:56] [I] [TRT] Loaded engine size: 8 MiB
[08/03/2026-14:10:56] [I] Engine deserialized in 0.129758 sec.
[08/03/2026-14:10:56] [I] [TRT] [MemUsageChange] TensorRT-managed allocation in IExecutionContext creation: CPU +0, GPU +9, now: CPU 0, GPU 14 (MiB)
[08/03/2026-14:10:56] [I] Setting persistentCacheLimit to 0 bytes.
[08/03/2026-14:10:56] [I] Created execution context with device memory size: 9.08203 MiB
[08/03/2026-14:10:56] [I] Using random values for input images
[08/03/2026-14:10:56] [I] Input binding for images with dimensions 1x3x640x640 is created.
[08/03/2026-14:10:56] [I] Output binding for output0 with dimensions 1x6x8400 is created.
[08/03/2026-14:10:56] [I] Starting inference
[08/03/2026-14:10:56] [I] Capturing CUDA graph for the current execution context
[08/03/2026-14:10:56] [I] Successfully captured CUDA graph for the current execution context
[08/03/2026-14:12:01] [I] Warmup completed 1320 queries over 5000 ms
[08/03/2026-14:12:01] [I] Timing trace has 16810 queries over 60.0109 s
[08/03/2026-14:12:01] [I] 
[08/03/2026-14:12:01] [I] === Trace details ===
[08/03/2026-14:12:01] [I] Trace averages of 10 runs:
[08/03/2026-14:12:01] [I] Average on 10 runs - GPU latency: 3.60571 ms - Host latency: 3.92441 ms (enqueue 0.00649414 ms)
[08/03/2026-14:12:01] [I] Average on 10 runs - GPU latency: 3.60571 ms - Host latency: 3.92378 ms (enqueue 0.00625 ms)
[08/03/2026-14:12:01] [I] Average on 10 runs - GPU latency: 3.60576 ms - Host latency: 3.92222 ms (enqueue 0.00605469 ms)
[08/03/2026-14:12:01] [I] Average on 10 runs - GPU latency: 3.60566 ms - Host latency: 3.92134 ms (enqueue 0.00644531 ms)
[08/03/2026-14:12:01] [I] Average on 10 runs - GPU latency: 3.60591 ms - Host latency: 3.9251 ms (enqueue 0.00634766 ms)
[08/03/2026-14:12:01] [I] Average on 10 runs - GPU latency: 3.60488 ms - Host latency: 3.92144 ms (enqueue 0.00605469 ms)
[08/03/2026-14:12:01] [I] Average on 10 runs - GPU latency: 3.60386 ms - Host latency: 3.92139 ms (enqueue 0.00625 ms)
[08/03/2026-14:12:01] [I] Average on 10 runs - GPU latency: 3.6103 ms - Host latency: 3.93994 ms (enqueue 0.00644531 ms)
[08/03/2026-14:12:01] [I] Average on 10 runs - GPU latency: 3.60444 ms - Host latency: 3.9271 ms (enqueue 0.00615234 ms)
[08/03/2026-14:12:01] [I] Average on 10 runs - GPU latency: 3.60664 ms - Host latency: 3.92744 ms (enqueue 0.00625 ms)
[08/03/2026-14:12:01] [I] Average on 10 runs - GPU latency: 3.60645 ms - Host latency: 3.92588 ms (enqueue 0.00615234 ms)
[08/03/2026-14:12:01] [I] Average on 10 runs - GPU latency: 3.6042 ms - Host latency: 3.92642 ms (enqueue 0.00600586 ms)
[08/03/2026-14:12:01] [I] Average on 10 runs - GPU latency: 3.60332 ms - Host latency: 3.92104 ms (enqueue 0.00625 ms)
[08/03/2026-14:12:01] [I] Average on 10 runs - GPU latency: 3.60576 ms - Host latency: 3.92319 ms (enqueue 0.00600586 ms)
[08/03/2026-14:12:01] [I] Average on 10 runs - GPU latency: 3.60488 ms - Host latency: 3.92114 ms (enqueue 0.00620117 ms)
[08/03/2026-14:12:01] [I] Average on 10 runs - GPU latency: 3.60898 ms - Host latency: 3.92876 ms (enqueue 0.00620117 ms)
[08/03/2026-14:12:01] [I] Average on 10 runs - GPU latency: 3.60459 ms - Host latency: 3.92314 ms (enqueue 0.00639648 ms)
[08/03/2026-14:12:01] [I] Average on 10 runs - GPU latency: 3.60483 ms - Host latency: 3.92168 ms (enqueue 0.00600586 ms)
[08/03/2026-14:12:01] [I] Average on 10 runs - GPU latency: 3.60781 ms - Host latency: 3.92495 ms (enqueue 0.00625 ms)
[08/03/2026-14:12:01] [I] Average on 10 runs - GPU latency: 3.61743 ms - Host latency: 3.95547 ms (enqueue 0.00634766 ms)
[08/03/2026-14:12:01] [I] Average on 10 runs - GPU latency: 3.62036 ms - Host latency: 3.96582 ms (enqueue 0.00668945 ms)
[08/03/2026-14:12:01] [I] Average on 10 runs - GPU latency: 3.62524 ms - Host latency: 3.97354 ms (enqueue 0.00629883 ms)
[08/03/2026-14:12:01] [I] Average on 10 runs - GPU latency: 3.6272 ms - Host latency: 3.97368 ms (enqueue 0.00620117 ms)
[08/03/2026-14:12:01] [I] Average on 10 runs - GPU latency: 3.61206 ms - Host latency: 3.93623 ms (enqueue 0.00625 ms)
[08/03/2026-14:12:01] [I] Average on 10 runs - GPU latency: 3.60767 ms - Host latency: 3.93149 ms (enqueue 0.00615234 ms)
[08/03/2026-14:12:01] [I] Average on 10 runs - GPU latency: 3.60591 ms - Host latency: 3.92534 ms (enqueue 0.00629883 ms)
[08/03/2026-14:12:01] [I] Average on 10 runs - GPU latency: 3.60562 ms - Host latency: 3.92217 ms (enqueue 0.00615234 ms)
[08/03/2026-14:12:01] [I] Average on 10 runs - GPU latency: 3.60684 ms - Host latency: 3.92334 ms (enqueue 0.00610352 ms)
[08/03/2026-14:12:01] [I] Average on 10 runs - GPU latency: 3.6061 ms - Host latency: 3.92476 ms (enqueue 0.00615234 ms)
[08/03/2026-14:12:01] [I] Average on 10 runs - GPU latency: 3.60625 ms - Host latency: 3.92695 ms (enqueue 0.00678711 ms)
[08/03/2026-14:12:01] [I] Average on 10 runs - GPU latency: 3.60469 ms - Host latency: 3.92217 ms (enqueue 0.00629883 ms)
[08/03/2026-14:12:01] [I] Average on 10 runs - GPU latency: 3.60908 ms - Host latency: 3.92925 ms (enqueue 0.00629883 ms)
[08/03/2026-14:12:01] [I] Average on 10 runs - GPU latency: 3.60469 ms - Host latency: 3.92188 ms (enqueue 0.00620117 ms)
[08/03/2026-14:12:01] [I] Average on 10 runs - GPU latency: 3.60352 ms - Host latency: 3.92544 ms (enqueue 0.00605469 ms)
[08/03/2026-14:12:01] [I] Average on 10 runs - GPU latency: 3.60518 ms - Host latency: 3.92222 ms (enqueue 0.00610352 ms)
[08/03/2026-14:12:01] [I] Average on 10 runs - GPU latency: 3.60781 ms - Host latency: 3.92783 ms (enqueue 0.00615234 ms)
[08/03/2026-14:12:01] [I] Average on 10 runs - GPU latency: 3.60698 ms - Host latency: 3.92827 ms (enqueue 0.00629883 ms)
[08/03/2026-14:12:01] [I] Average on 10 runs - GPU latency: 3.60532 ms - Host latency: 3.92354 ms (enqueue 0.00615234 ms)
[08/03/2026-14:12:01] [I] Average on 10 runs - GPU latency: 3.60718 ms - Host latency: 3.92661 ms (enqueue 0.0065918 ms)
[08/03/2026-14:12:01] [I] Average on 10 runs - GPU latency: 3.60503 ms - Host latency: 3.92095 ms (enqueue 0.00615234 ms)
[08/03/2026-14:12:01] [I] Average on 10 runs - GPU latency: 3.60781 ms - Host latency: 3.92808 ms (enqueue 0.00605469 ms)
[08/03/2026-14:12:01] [I] Average on 10 runs - GPU latency: 3.60781 ms - Host latency: 3.92495 ms (enqueue 0.00664063 ms)
[08/03/2026-14:12:01] [I] Average on 10 runs - GPU latency: 3.61025 ms - Host latency: 3.93052 ms (enqueue 0.00615234 ms)
[08/03/2026-14:12:01] [I] Average on 10 runs - GPU latency: 3.60571 ms - Host latency: 3.92422 ms (enqueue 0.00615234 ms)
[08/03/2026-14:12:01] [I] Average on 10 runs - GPU latency: 3.60654 ms - Host latency: 3.92441 ms (enqueue 0.00585938 ms)
[08/03/2026-14:12:01] [I] Average on 10 runs - GPU latency: 3.60425 ms - Host latency: 3.92207 ms (enqueue 0.00610352 ms)
[08/03/2026-14:12:01] [I] Average on 10 runs - GPU latency: 3.61064 ms - Host latency: 3.93301 ms (enqueue 0.0059082 ms)
[08/03/2026-14:12:01] [I] Average on 10 runs - GPU latency: 3.60986 ms - Host latency: 3.93193 ms (enqueue 0.00600586 ms)
[08/03/2026-14:12:01] [I] Average on 10 runs - GPU latency: 3.60811 ms - Host latency: 3.92661 ms (enqueue 0.00625 ms)
[08/03/2026-14:12:01] [I] Average on 10 runs - GPU latency: 3.60693 ms - Host latency: 3.92471 ms (enqueue 0.00595703 ms)
[08/03/2026-14:12:01] [I] Average on 10 runs - GPU latency: 3.60645 ms - Host latency: 3.92266 ms (enqueue 0.00639648 ms)
[08/03/2026-14:12:01] [I] Average on 10 runs - GPU latency: 3.6127 ms - Host latency: 3.93545 ms (enqueue 0.00615234 ms)
[08/03/2026-14:12:01] [I] Average on 10 runs - GPU latency: 3.61001 ms - Host latency: 3.93428 ms (enqueue 0.00629883 ms)
[08/03/2026-14:12:01] [I] Average on 10 runs - GPU latency: 3.60923 ms - Host latency: 3.92656 ms (enqueue 0.00620117 ms)
[08/03/2026-14:12:01] [I] Average on 10 runs - GPU latency: 3.60679 ms - Host latency: 3.92393 ms (enqueue 0.00639648 ms)
[08/03/2026-14:12:01] [I] Average on 10 runs - GPU latency: 3.60703 ms - Host latency: 3.92534 ms (enqueue 0.00576172 ms)
[08/03/2026-14:12:01] [I] Average on 10 runs - GPU latency: 3.6085 ms - Host latency: 3.92593 ms (enqueue 0.00605469 ms)
[08/03/2026-14:12:01] [I] Average on 10 runs - GPU latency: 3.61104 ms - Host latency: 3.9352 ms (enqueue 0.00605469 ms)
[08/03/2026-14:12:01] [I] Average on 10 runs - GPU latency: 3.60713 ms - Host latency: 3.92588 ms (enqueue 0.00625 ms)
[08/03/2026-14:12:01] [I] Average on 10 runs - GPU latency: 3.60635 ms - Host latency: 3.92471 ms (enqueue 0.00595703 ms)
[08/03/2026-14:12:01] [I] Average on 10 runs - GPU latency: 3.60728 ms - Host latency: 3.92476 ms (enqueue 0.00620117 ms)
[08/03/2026-14:12:01] [I] Average on 10 runs - GPU latency: 3.60908 ms - Host latency: 3.92783 ms (enqueue 0.00615234 ms)
[08/03/2026-14:12:01] [I] Average on 10 runs - GPU latency: 3.60649 ms - Host latency: 3.92852 ms (enqueue 0.00625 ms)
[08/03/2026-14:12:01] [I] Average on 10 runs - GPU latency: 3.60757 ms - Host latency: 3.92642 ms (enqueue 0.00629883 ms)
[08/03/2026-14:12:01] [I] Average on 10 runs - GPU latency: 3.604 ms - Host latency: 3.92334 ms (enqueue 0.00629883 ms)
[08/03/2026-14:12:01] [I] Average on 10 runs - GPU latency: 3.60493 ms - Host latency: 3.92266 ms (enqueue 0.00625 ms)
[08/03/2026-14:12:01] [I] Average on 10 runs - GPU latency: 3.6063 ms - Host latency: 3.92686 ms (enqueue 0.00610352 ms)
[08/03/2026-14:12:01] [I] Average on 10 runs - GPU latency: 3.6022 ms - Host latency: 3.91963 ms (enqueue 0.00634766 ms)
[08/03/2026-14:12:01] [I] Average on 10 runs - GPU latency: 3.60674 ms - Host latency: 3.92622 ms (enqueue 0.00615234 ms)
[08/03/2026-14:12:01] [I] Average on 10 runs - GPU latency: 3.6061 ms - Host latency: 3.925 ms (enqueue 0.00615234 ms)
[08/03/2026-14:12:01] [I] Average on 10 runs - GPU latency: 3.60703 ms - Host latency: 3.92427 ms (enqueue 0.00595703 ms)
[08/03/2026-14:12:01] [I] Average on 10 runs - GPU latency: 3.60635 ms - Host latency: 3.92417 ms (enqueue 0.00585938 ms)
[08/03/2026-14:12:01] [I] Average on 10 runs - GPU latency: 3.60596 ms - Host latency: 3.9269 ms (enqueue 0.00625 ms)
[08/03/2026-14:12:01] [I] Average on 10 runs - GPU latency: 3.60771 ms - Host latency: 3.92651 ms (enqueue 0.00683594 ms)
[08/03/2026-14:12:01] [I] Average on 10 runs - GPU latency: 3.60864 ms - Host latency: 3.92568 ms (enqueue 0.00625 ms)
[08/03/2026-14:12:01] [I] Average on 10 runs - GPU latency: 3.6064 ms - Host latency: 3.92358 ms (enqueue 0.00639648 ms)
[08/03/2026-14:12:01] [I] Average on 10 runs - GPU latency: 3.60928 ms - Host latency: 3.93599 ms (enqueue 0.00625 ms)
[08/03/2026-14:12:01] [I] Average on 10 runs - GPU latency: 3.60894 ms - Host latency: 3.93369 ms (enqueue 0.00625 ms)
[08/03/2026-14:12:01] [I] Average on 10 runs - GPU latency: 3.60903 ms - Host latency: 3.9292 ms (enqueue 0.00639648 ms)
[08/03/2026-14:12:01] [I] Average on 10 runs - GPU latency: 3.60513 ms - Host latency: 3.92407 ms (enqueue 0.00654297 ms)
[08/03/2026-14:12:01] [I] Average on 10 runs - GPU latency: 3.60645 ms - Host latency: 3.93003 ms (enqueue 0.00654297 ms)
[08/03/2026-14:12:01] [I] Average on 10 runs - GPU latency: 3.60737 ms - Host latency: 3.92559 ms (enqueue 0.00634766 ms)
[08/03/2026-14:12:01] [I] Average on 10 runs - GPU latency: 3.60537 ms - Host latency: 3.92271 ms (enqueue 0.00634766 ms)
[08/03/2026-14:12:01] [I] Average on 10 runs - GPU latency: 3.60547 ms - Host latency: 3.92334 ms (enqueue 0.00688477 ms)
[08/03/2026-14:12:01] [I] Average on 10 runs - GPU latency: 3.60483 ms - Host latency: 3.92266 ms (enqueue 0.00639648 ms)
[08/03/2026-14:12:01] [I] Average on 10 runs - GPU latency: 3.60342 ms - Host latency: 3.92129 ms (enqueue 0.00629883 ms)
[08/03/2026-14:12:01] [I] Average on 10 runs - GPU latency: 3.60596 ms - Host latency: 3.92212 ms (enqueue 0.00625 ms)
[08/03/2026-14:12:01] [I] Average on 10 runs - GPU latency: 3.60552 ms - Host latency: 3.92319 ms (enqueue 0.00600586 ms)
[08/03/2026-14:12:01] [I] Average on 10 runs - GPU latency: 3.60557 ms - Host latency: 3.92627 ms (enqueue 0.00610352 ms)
[08/03/2026-14:12:01] [I] Average on 10 runs - GPU latency: 3.604 ms - Host latency: 3.92217 ms (enqueue 0.00615234 ms)
[08/03/2026-14:12:01] [I] Average on 10 runs - GPU latency: 3.60342 ms - Host latency: 3.921 ms (enqueue 0.00605469 ms)
[08/03/2026-14:12:01] [I] Average on 10 runs - GPU latency: 3.60635 ms - Host latency: 3.92256 ms (enqueue 0.00605469 ms)
[08/03/2026-14:12:01] [I] Average on 10 runs - GPU latency: 3.60254 ms - Host latency: 3.921 ms (enqueue 0.00585938 ms)
[08/03/2026-14:12:01] [I] Average on 10 runs - GPU latency: 3.6041 ms - Host latency: 3.921 ms (enqueue 0.00615234 ms)
[08/03/2026-14:12:01] [I] Average on 10 runs - GPU latency: 3.60645 ms - Host latency: 3.92412 ms (enqueue 0.00615234 ms)
[08/03/2026-14:12:01] [I] Average on 10 runs - GPU latency: 3.61113 ms - Host latency: 3.93779 ms (enqueue 0.00605469 ms)
[08/03/2026-14:12:01] [I] Average on 10 runs - GPU latency: 3.60654 ms - Host latency: 3.9249 ms (enqueue 0.00634766 ms)
[08/03/2026-14:12:01] [I] Average on 10 runs - GPU latency: 3.60342 ms - Host latency: 3.92227 ms (enqueue 0.00605469 ms)
[08/03/2026-14:12:01] [I] Average on 10 runs - GPU latency: 3.60664 ms - Host latency: 3.92461 ms (enqueue 0.00625 ms)
[08/03/2026-14:12:01] [I] Average on 10 runs - GPU latency: 3.6041 ms - Host latency: 3.92217 ms (enqueue 0.00615234 ms)
[08/03/2026-14:12:01] [I] Average on 10 runs - GPU latency: 3.60537 ms - Host latency: 3.92168 ms (enqueue 0.00654297 ms)
[08/03/2026-14:12:01] [I] Average on 10 runs - GPU latency: 3.60752 ms - Host latency: 3.92734 ms (enqueue 0.00625 ms)
[08/03/2026-14:12:01] [I] Average on 10 runs - GPU latency: 3.60488 ms - Host latency: 3.92227 ms (enqueue 0.00595703 ms)
[08/03/2026-14:12:01] [I] Average on 10 runs - GPU latency: 3.60459 ms - Host latency: 3.92246 ms (enqueue 0.00595703 ms)
[08/03/2026-14:12:01] [I] Average on 10 runs - GPU latency: 3.60439 ms - Host latency: 3.92061 ms (enqueue 0.00654297 ms)
[08/03/2026-14:12:01] [I] Average on 10 runs - GPU latency: 3.60371 ms - Host latency: 3.92314 ms (enqueue 0.00615234 ms)
[08/03/2026-14:12:01] [I] Average on 10 runs - GPU latency: 3.60498 ms - Host latency: 3.92256 ms (enqueue 0.00634766 ms)
[08/03/2026-14:12:01] [I] Average on 10 runs - GPU latency: 3.60537 ms - Host latency: 3.925 ms (enqueue 0.00615234 ms)
[08/03/2026-14:12:01] [I] Average on 10 runs - GPU latency: 3.60928 ms - Host latency: 3.93828 ms (enqueue 0.00595703 ms)
[08/03/2026-14:12:01] [I] Average on 10 runs - GPU latency: 3.60527 ms - Host latency: 3.92314 ms (enqueue 0.00566406 ms)
[08/03/2026-14:12:01] [I] Average on 10 runs - GPU latency: 3.60635 ms - Host latency: 3.92422 ms (enqueue 0.00615234 ms)
[08/03/2026-14:12:01] [I] Average on 10 runs - GPU latency: 3.60605 ms - Host latency: 3.9251 ms (enqueue 0.00634766 ms)
[08/03/2026-14:12:01] [I] Average on 10 runs - GPU latency: 3.60498 ms - Host latency: 3.92188 ms (enqueue 0.00595703 ms)
[08/03/2026-14:12:01] [I] Average on 10 runs - GPU latency: 3.60791 ms - Host latency: 3.92852 ms (enqueue 0.00644531 ms)
[08/03/2026-14:12:01] [I] Average on 10 runs - GPU latency: 3.60654 ms - Host latency: 3.92627 ms (enqueue 0.00615234 ms)
[08/03/2026-14:12:01] [I] Average on 10 runs - GPU latency: 3.60625 ms - Host latency: 3.92451 ms (enqueue 0.00615234 ms)
[08/03/2026-14:12:01] [I] Average on 10 runs - GPU latency: 3.60889 ms - Host latency: 3.92949 ms (enqueue 0.00615234 ms)
[08/03/2026-14:12:01] [I] Average on 10 runs - GPU latency: 3.60811 ms - Host latency: 3.92588 ms (enqueue 0.00664063 ms)
[08/03/2026-14:12:01] [I] Average on 10 runs - GPU latency: 3.60449 ms - Host latency: 3.92354 ms (enqueue 0.00625 ms)
[08/03/2026-14:12:01] [I] Average on 10 runs - GPU latency: 3.60449 ms - Host latency: 3.92002 ms (enqueue 0.00576172 ms)
[08/03/2026-14:12:01] [I] Average on 10 runs - GPU latency: 3.60322 ms - Host latency: 3.92227 ms (enqueue 0.00615234 ms)
[08/03/2026-14:12:01] [I] Average on 10 runs - GPU latency: 3.60439 ms - Host latency: 3.92178 ms (enqueue 0.00595703 ms)
[08/03/2026-14:12:01] [I] Average on 10 runs - GPU latency: 3.60684 ms - Host latency: 3.92627 ms (enqueue 0.00595703 ms)
[08/03/2026-14:12:01] [I] Average on 10 runs - GPU latency: 3.60557 ms - Host latency: 3.92227 ms (enqueue 0.00576172 ms)
[08/03/2026-14:12:01] [I] Average on 10 runs - GPU latency: 3.60605 ms - Host latency: 3.92891 ms (enqueue 0.00595703 ms)
[08/03/2026-14:12:01] [I] Average on 10 runs - GPU latency: 3.60469 ms - Host latency: 3.92314 ms (enqueue 0.00585938 ms)
[08/03/2026-14:12:01] [I] Average on 10 runs - GPU latency: 3.60518 ms - Host latency: 3.92354 ms (enqueue 0.00576172 ms)
[08/03/2026-14:12:01] [I] Average on 10 runs - GPU latency: 3.60811 ms - Host latency: 3.92539 ms (enqueue 0.00615234 ms)
[08/03/2026-14:12:01] [I] Average on 10 runs - GPU latency: 3.60674 ms - Host latency: 3.92266 ms (enqueue 0.00585938 ms)
[08/03/2026-14:12:01] [I] Average on 10 runs - GPU latency: 3.60703 ms - Host latency: 3.92617 ms (enqueue 0.00615234 ms)
[08/03/2026-14:12:01] [I] Average on 10 runs - GPU latency: 3.60654 ms - Host latency: 3.92441 ms (enqueue 0.00576172 ms)
[08/03/2026-14:12:01] [I] Average on 10 runs - GPU latency: 3.60811 ms - Host latency: 3.93125 ms (enqueue 0.00566406 ms)
[08/03/2026-14:12:01] [I] Average on 10 runs - GPU latency: 3.60713 ms - Host latency: 3.92451 ms (enqueue 0.00605469 ms)
[08/03/2026-14:12:01] [I] Average on 10 runs - GPU latency: 3.60986 ms - Host latency: 3.93564 ms (enqueue 0.00634766 ms)
[08/03/2026-14:12:01] [I] Average on 10 runs - GPU latency: 3.60547 ms - Host latency: 3.92129 ms (enqueue 0.00605469 ms)
[08/03/2026-14:12:01] [I] Average on 10 runs - GPU latency: 3.60391 ms - Host latency: 3.91973 ms (enqueue 0.00605469 ms)
[08/03/2026-14:12:01] [I] Average on 10 runs - GPU latency: 3.61162 ms - Host latency: 3.93662 ms (enqueue 0.00634766 ms)
[08/03/2026-14:12:01] [I] Average on 10 runs - GPU latency: 3.60625 ms - Host latency: 3.92432 ms (enqueue 0.00664063 ms)
[08/03/2026-14:12:01] [I] Average on 10 runs - GPU latency: 3.60459 ms - Host latency: 3.9251 ms (enqueue 0.00595703 ms)
[08/03/2026-14:12:01] [I] Average on 10 runs - GPU latency: 3.60693 ms - Host latency: 3.92568 ms (enqueue 0.00605469 ms)
[08/03/2026-14:12:01] [I] Average on 10 runs - GPU latency: 3.58877 ms - Host latency: 3.90801 ms (enqueue 0.00634766 ms)
[08/03/2026-14:12:01] [I] Average on 10 runs - GPU latency: 3.58232 ms - Host latency: 3.90244 ms (enqueue 0.00634766 ms)
[08/03/2026-14:12:01] [I] Average on 10 runs - GPU latency: 3.58359 ms - Host latency: 3.90508 ms (enqueue 0.00615234 ms)
[08/03/2026-14:12:01] [I] Average on 10 runs - GPU latency: 3.58428 ms - Host latency: 3.90469 ms (enqueue 0.00595703 ms)
[08/03/2026-14:12:01] [I] Average on 10 runs - GPU latency: 3.5832 ms - Host latency: 3.90205 ms (enqueue 0.00595703 ms)
[08/03/2026-14:12:01] [I] Average on 10 runs - GPU latency: 3.58213 ms - Host latency: 3.90166 ms (enqueue 0.00595703 ms)
[08/03/2026-14:12:01] [I] Average on 10 runs - GPU latency: 3.58203 ms - Host latency: 3.90166 ms (enqueue 0.00605469 ms)
[08/03/2026-14:12:01] [I] Average on 10 runs - GPU latency: 3.5832 ms - Host latency: 3.90596 ms (enqueue 0.00605469 ms)
[08/03/2026-14:12:01] [I] Average on 10 runs - GPU latency: 3.58369 ms - Host latency: 3.90313 ms (enqueue 0.00625 ms)
[08/03/2026-14:12:01] [I] Average on 10 runs - GPU latency: 3.58271 ms - Host latency: 3.90156 ms (enqueue 0.00605469 ms)
[08/03/2026-14:12:01] [I] Average on 10 runs - GPU latency: 3.5835 ms - Host latency: 3.90313 ms (enqueue 0.00595703 ms)
[08/03/2026-14:12:01] [I] Average on 10 runs - GPU latency: 3.58857 ms - Host latency: 3.91592 ms (enqueue 0.00664063 ms)
[08/03/2026-14:12:01] [I] Average on 10 runs - GPU latency: 3.58604 ms - Host latency: 3.91396 ms (enqueue 0.00615234 ms)
[08/03/2026-14:12:01] [I] Average on 10 runs - GPU latency: 3.59238 ms - Host latency: 3.92803 ms (enqueue 0.00634766 ms)
[08/03/2026-14:12:01] [I] Average on 10 runs - GPU latency: 3.60176 ms - Host latency: 3.95098 ms (enqueue 0.00615234 ms)
[08/03/2026-14:12:01] [I] Average on 10 runs - GPU latency: 3.59434 ms - Host latency: 3.93311 ms (enqueue 0.00576172 ms)
[08/03/2026-14:12:01] [I] Average on 10 runs - GPU latency: 3.58291 ms - Host latency: 3.90713 ms (enqueue 0.00615234 ms)
[08/03/2026-14:12:01] [I] Average on 10 runs - GPU latency: 3.58623 ms - Host latency: 3.91094 ms (enqueue 0.00595703 ms)
[08/03/2026-14:12:01] [I] Average on 10 runs - GPU latency: 3.58252 ms - Host latency: 3.90547 ms (enqueue 0.00576172 ms)
[08/03/2026-14:12:01] [I] Average on 10 runs - GPU latency: 3.58428 ms - Host latency: 3.90635 ms (enqueue 0.00556641 ms)
[08/03/2026-14:12:01] [I] Average on 10 runs - GPU latency: 3.58408 ms - Host latency: 3.90762 ms (enqueue 0.00585938 ms)
[08/03/2026-14:12:01] [I] Average on 10 runs - GPU latency: 3.59209 ms - Host latency: 3.92578 ms (enqueue 0.00625 ms)
[08/03/2026-14:12:01] [I] Average on 10 runs - GPU latency: 3.59453 ms - Host latency: 3.93262 ms (enqueue 0.00595703 ms)
[08/03/2026-14:12:01] [I] Average on 10 runs - GPU latency: 3.59141 ms - Host latency: 3.93359 ms (enqueue 0.00634766 ms)
[08/03/2026-14:12:01] [I] Average on 10 runs - GPU latency: 3.59326 ms - Host latency: 3.93359 ms (enqueue 0.00683594 ms)
[08/03/2026-14:12:01] [I] Average on 10 runs - GPU latency: 3.58457 ms - Host latency: 3.90937 ms (enqueue 0.00625 ms)
[08/03/2026-14:12:01] [I] Average on 10 runs - GPU latency: 3.58418 ms - Host latency: 3.90479 ms (enqueue 0.00644531 ms)
[08/03/2026-14:12:01] [I] Average on 10 runs - GPU latency: 3.58428 ms - Host latency: 3.90625 ms (enqueue 0.00683594 ms)
[08/03/2026-14:12:01] [I] Average on 10 runs - GPU latency: 3.58135 ms - Host latency: 3.9002 ms (enqueue 0.00634766 ms)
[08/03/2026-14:12:01] [I] Average on 10 runs - GPU latency: 3.5833 ms - Host latency: 3.90391 ms (enqueue 0.00625 ms)
[08/03/2026-14:12:01] [I] Average on 10 runs - GPU latency: 3.58242 ms - Host latency: 3.90313 ms (enqueue 0.00615234 ms)
[08/03/2026-14:12:01] [I] Average on 10 runs - GPU latency: 3.58252 ms - Host latency: 3.90049 ms (enqueue 0.00615234 ms)
[08/03/2026-14:12:01] [I] Average on 10 runs - GPU latency: 3.58398 ms - Host latency: 3.90244 ms (enqueue 0.00605469 ms)
[08/03/2026-14:12:01] [I] Average on 10 runs - GPU latency: 3.58164 ms - Host latency: 3.90068 ms (enqueue 0.00634766 ms)
[08/03/2026-14:12:01] [I] Average on 10 runs - GPU latency: 3.58115 ms - Host latency: 3.90059 ms (enqueue 0.00605469 ms)
[08/03/2026-14:12:01] [I] Average on 10 runs - GPU latency: 3.58301 ms - Host latency: 3.90166 ms (enqueue 0.00664063 ms)
[08/03/2026-14:12:01] [I] Average on 10 runs - GPU latency: 3.58301 ms - Host latency: 3.90186 ms (enqueue 0.00644531 ms)
[08/03/2026-14:12:01] [I] Average on 10 runs - GPU latency: 3.58301 ms - Host latency: 3.90078 ms (enqueue 0.00615234 ms)
[08/03/2026-14:12:01] [I] Average on 10 runs - GPU latency: 3.5834 ms - Host latency: 3.90107 ms (enqueue 0.00566406 ms)
[08/03/2026-14:12:01] [I] Average on 10 runs - GPU latency: 3.58193 ms - Host latency: 3.9002 ms (enqueue 0.00644531 ms)
[08/03/2026-14:12:01] [I] Average on 10 runs - GPU latency: 3.58242 ms - Host latency: 3.90117 ms (enqueue 0.00605469 ms)
[08/03/2026-14:12:01] [I] Average on 10 runs - GPU latency: 3.58135 ms - Host latency: 3.9001 ms (enqueue 0.00615234 ms)
[08/03/2026-14:12:01] [I] Average on 10 runs - GPU latency: 3.58398 ms - Host latency: 3.90186 ms (enqueue 0.00605469 ms)
[08/03/2026-14:12:01] [I] Average on 10 runs - GPU latency: 3.5834 ms - Host latency: 3.90078 ms (enqueue 0.00615234 ms)
[08/03/2026-14:12:01] [I] Average on 10 runs - GPU latency: 3.58262 ms - Host latency: 3.9 ms (enqueue 0.00654297 ms)
[08/03/2026-14:12:01] [I] Average on 10 runs - GPU latency: 3.58203 ms - Host latency: 3.89971 ms (enqueue 0.00615234 ms)
[08/03/2026-14:12:01] [I] Average on 10 runs - GPU latency: 3.5792 ms - Host latency: 3.89736 ms (enqueue 0.00615234 ms)
[08/03/2026-14:12:01] [I] Average on 10 runs - GPU latency: 3.58457 ms - Host latency: 3.90156 ms (enqueue 0.00595703 ms)
[08/03/2026-14:12:01] [I] Average on 10 runs - GPU latency: 3.58262 ms - Host latency: 3.9 ms (enqueue 0.00654297 ms)
[08/03/2026-14:12:01] [I] Average on 10 runs - GPU latency: 3.58086 ms - Host latency: 3.90254 ms (enqueue 0.00625 ms)
[08/03/2026-14:12:01] [I] Average on 10 runs - GPU latency: 3.58359 ms - Host latency: 3.90098 ms (enqueue 0.00654297 ms)
[08/03/2026-14:12:01] [I] Average on 10 runs - GPU latency: 3.58418 ms - Host latency: 3.90303 ms (enqueue 0.00625 ms)
[08/03/2026-14:12:01] [I] Average on 10 runs - GPU latency: 3.5875 ms - Host latency: 3.91602 ms (enqueue 0.00605469 ms)
[08/03/2026-14:12:01] [I] Average on 10 runs - GPU latency: 3.58154 ms - Host latency: 3.90283 ms (enqueue 0.00683594 ms)
[08/03/2026-14:12:01] [I] Average on 10 runs - GPU latency: 3.58311 ms - Host latency: 3.90254 ms (enqueue 0.00654297 ms)
[08/03/2026-14:12:01] [I] Average on 10 runs - GPU latency: 3.58125 ms - Host latency: 3.89834 ms (enqueue 0.00605469 ms)
[08/03/2026-14:12:01] [I] Average on 10 runs - GPU latency: 3.58115 ms - Host latency: 3.8998 ms (enqueue 0.00654297 ms)
[08/03/2026-14:12:01] [I] Average on 10 runs - GPU latency: 3.58193 ms - Host latency: 3.8999 ms (enqueue 0.00625 ms)
[08/03/2026-14:12:01] [I] Average on 10 runs - GPU latency: 3.58271 ms - Host latency: 3.90029 ms (enqueue 0.00625 ms)
[08/03/2026-14:12:01] [I] Average on 10 runs - GPU latency: 3.58574 ms - Host latency: 3.90527 ms (enqueue 0.00595703 ms)
[08/03/2026-14:12:01] [I] ... Omitting 12810 lines
[08/03/2026-14:12:01] [I] Average on 10 runs - GPU latency: 3.55977 ms - Host latency: 3.88008 ms (enqueue 0.00585938 ms)
[08/03/2026-14:12:01] [I] Average on 10 runs - GPU latency: 3.56094 ms - Host latency: 3.87969 ms (enqueue 0.00820312 ms)
[08/03/2026-14:12:01] [I] Average on 10 runs - GPU latency: 3.56016 ms - Host latency: 3.87969 ms (enqueue 0.00664063 ms)
[08/03/2026-14:12:01] [I] Average on 10 runs - GPU latency: 3.56172 ms - Host latency: 3.88047 ms (enqueue 0.00625 ms)
[08/03/2026-14:12:01] [I] Average on 10 runs - GPU latency: 3.56016 ms - Host latency: 3.88008 ms (enqueue 0.00625 ms)
[08/03/2026-14:12:01] [I] Average on 10 runs - GPU latency: 3.56328 ms - Host latency: 3.88633 ms (enqueue 0.00546875 ms)
[08/03/2026-14:12:01] [I] Average on 10 runs - GPU latency: 3.5625 ms - Host latency: 3.88438 ms (enqueue 0.00703125 ms)
[08/03/2026-14:12:01] [I] Average on 10 runs - GPU latency: 3.56094 ms - Host latency: 3.87969 ms (enqueue 0.00546875 ms)
[08/03/2026-14:12:01] [I] Average on 10 runs - GPU latency: 3.5625 ms - Host latency: 3.88281 ms (enqueue 0.00664063 ms)
[08/03/2026-14:12:01] [I] Average on 10 runs - GPU latency: 3.55977 ms - Host latency: 3.87969 ms (enqueue 0.00507812 ms)
[08/03/2026-14:12:01] [I] Average on 10 runs - GPU latency: 3.56172 ms - Host latency: 3.88125 ms (enqueue 0.00703125 ms)
[08/03/2026-14:12:01] [I] Average on 10 runs - GPU latency: 3.56328 ms - Host latency: 3.88438 ms (enqueue 0.00664063 ms)
[08/03/2026-14:12:01] [I] Average on 10 runs - GPU latency: 3.56016 ms - Host latency: 3.8793 ms (enqueue 0.00546875 ms)
[08/03/2026-14:12:01] [I] Average on 10 runs - GPU latency: 3.5625 ms - Host latency: 3.87891 ms (enqueue 0.00585938 ms)
[08/03/2026-14:12:01] [I] Average on 10 runs - GPU latency: 3.56211 ms - Host latency: 3.88125 ms (enqueue 0.00703125 ms)
[08/03/2026-14:12:01] [I] Average on 10 runs - GPU latency: 3.56523 ms - Host latency: 3.88828 ms (enqueue 0.00664063 ms)
[08/03/2026-14:12:01] [I] Average on 10 runs - GPU latency: 3.56172 ms - Host latency: 3.88867 ms (enqueue 0.00585938 ms)
[08/03/2026-14:12:01] [I] Average on 10 runs - GPU latency: 3.56602 ms - Host latency: 3.89492 ms (enqueue 0.00625 ms)
[08/03/2026-14:12:01] [I] Average on 10 runs - GPU latency: 3.56328 ms - Host latency: 3.88398 ms (enqueue 0.00703125 ms)
[08/03/2026-14:12:01] [I] Average on 10 runs - GPU latency: 3.55977 ms - Host latency: 3.88164 ms (enqueue 0.00625 ms)
[08/03/2026-14:12:01] [I] Average on 10 runs - GPU latency: 3.56016 ms - Host latency: 3.88008 ms (enqueue 0.00546875 ms)
[08/03/2026-14:12:01] [I] Average on 10 runs - GPU latency: 3.56094 ms - Host latency: 3.87969 ms (enqueue 0.00664063 ms)
[08/03/2026-14:12:01] [I] Average on 10 runs - GPU latency: 3.56133 ms - Host latency: 3.88086 ms (enqueue 0.00625 ms)
[08/03/2026-14:12:01] [I] Average on 10 runs - GPU latency: 3.56016 ms - Host latency: 3.87891 ms (enqueue 0.00546875 ms)
[08/03/2026-14:12:01] [I] Average on 10 runs - GPU latency: 3.56133 ms - Host latency: 3.88125 ms (enqueue 0.00585938 ms)
[08/03/2026-14:12:01] [I] Average on 10 runs - GPU latency: 3.55898 ms - Host latency: 3.87227 ms (enqueue 0.00742187 ms)
[08/03/2026-14:12:01] [I] Average on 10 runs - GPU latency: 3.56094 ms - Host latency: 3.88125 ms (enqueue 0.00585938 ms)
[08/03/2026-14:12:01] [I] Average on 10 runs - GPU latency: 3.56133 ms - Host latency: 3.88008 ms (enqueue 0.00703125 ms)
[08/03/2026-14:12:01] [I] Average on 10 runs - GPU latency: 3.56211 ms - Host latency: 3.88203 ms (enqueue 0.00625 ms)
[08/03/2026-14:12:01] [I] Average on 10 runs - GPU latency: 3.56328 ms - Host latency: 3.88164 ms (enqueue 0.00625 ms)
[08/03/2026-14:12:01] [I] Average on 10 runs - GPU latency: 3.56328 ms - Host latency: 3.88438 ms (enqueue 0.00507812 ms)
[08/03/2026-14:12:01] [I] Average on 10 runs - GPU latency: 3.5625 ms - Host latency: 3.88242 ms (enqueue 0.00625 ms)
[08/03/2026-14:12:01] [I] Average on 10 runs - GPU latency: 3.56211 ms - Host latency: 3.8832 ms (enqueue 0.00507812 ms)
[08/03/2026-14:12:01] [I] Average on 10 runs - GPU latency: 3.56211 ms - Host latency: 3.88125 ms (enqueue 0.00585938 ms)
[08/03/2026-14:12:01] [I] Average on 10 runs - GPU latency: 3.56172 ms - Host latency: 3.88203 ms (enqueue 0.00546875 ms)
[08/03/2026-14:12:01] [I] Average on 10 runs - GPU latency: 3.56328 ms - Host latency: 3.88398 ms (enqueue 0.00507812 ms)
[08/03/2026-14:12:01] [I] Average on 10 runs - GPU latency: 3.56133 ms - Host latency: 3.88047 ms (enqueue 0.00585938 ms)
[08/03/2026-14:12:01] [I] Average on 10 runs - GPU latency: 3.56055 ms - Host latency: 3.88008 ms (enqueue 0.00546875 ms)
[08/03/2026-14:12:01] [I] Average on 10 runs - GPU latency: 3.56211 ms - Host latency: 3.88008 ms (enqueue 0.00507812 ms)
[08/03/2026-14:12:01] [I] Average on 10 runs - GPU latency: 3.56289 ms - Host latency: 3.88281 ms (enqueue 0.00625 ms)
[08/03/2026-14:12:01] [I] Average on 10 runs - GPU latency: 3.56172 ms - Host latency: 3.88086 ms (enqueue 0.00625 ms)
[08/03/2026-14:12:01] [I] Average on 10 runs - GPU latency: 3.56094 ms - Host latency: 3.88125 ms (enqueue 0.00703125 ms)
[08/03/2026-14:12:01] [I] Average on 10 runs - GPU latency: 3.55859 ms - Host latency: 3.87617 ms (enqueue 0.00703125 ms)
[08/03/2026-14:12:01] [I] Average on 10 runs - GPU latency: 3.56328 ms - Host latency: 3.8832 ms (enqueue 0.00625 ms)
[08/03/2026-14:12:01] [I] Average on 10 runs - GPU latency: 3.56328 ms - Host latency: 3.88711 ms (enqueue 0.00703125 ms)
[08/03/2026-14:12:01] [I] Average on 10 runs - GPU latency: 3.56562 ms - Host latency: 3.88906 ms (enqueue 0.00625 ms)
[08/03/2026-14:12:01] [I] Average on 10 runs - GPU latency: 3.56602 ms - Host latency: 3.88945 ms (enqueue 0.00664063 ms)
[08/03/2026-14:12:01] [I] Average on 10 runs - GPU latency: 3.56094 ms - Host latency: 3.87969 ms (enqueue 0.00507812 ms)
[08/03/2026-14:12:01] [I] Average on 10 runs - GPU latency: 3.56172 ms - Host latency: 3.88008 ms (enqueue 0.00664063 ms)
[08/03/2026-14:12:01] [I] Average on 10 runs - GPU latency: 3.56016 ms - Host latency: 3.88047 ms (enqueue 0.00546875 ms)
[08/03/2026-14:12:01] [I] Average on 10 runs - GPU latency: 3.56289 ms - Host latency: 3.88242 ms (enqueue 0.00546875 ms)
[08/03/2026-14:12:01] [I] Average on 10 runs - GPU latency: 3.56172 ms - Host latency: 3.88242 ms (enqueue 0.00703125 ms)
[08/03/2026-14:12:01] [I] Average on 10 runs - GPU latency: 3.56094 ms - Host latency: 3.87891 ms (enqueue 0.00585938 ms)
[08/03/2026-14:12:01] [I] Average on 10 runs - GPU latency: 3.56094 ms - Host latency: 3.87969 ms (enqueue 0.00664063 ms)
[08/03/2026-14:12:01] [I] Average on 10 runs - GPU latency: 3.56016 ms - Host latency: 3.87891 ms (enqueue 0.00546875 ms)
[08/03/2026-14:12:01] [I] Average on 10 runs - GPU latency: 3.56055 ms - Host latency: 3.88008 ms (enqueue 0.00664063 ms)
[08/03/2026-14:12:01] [I] Average on 10 runs - GPU latency: 3.5625 ms - Host latency: 3.88047 ms (enqueue 0.00625 ms)
[08/03/2026-14:12:01] [I] Average on 10 runs - GPU latency: 3.56172 ms - Host latency: 3.87969 ms (enqueue 0.00546875 ms)
[08/03/2026-14:12:01] [I] Average on 10 runs - GPU latency: 3.5625 ms - Host latency: 3.88008 ms (enqueue 0.0046875 ms)
[08/03/2026-14:12:01] [I] Average on 10 runs - GPU latency: 3.56055 ms - Host latency: 3.87812 ms (enqueue 0.00703125 ms)
[08/03/2026-14:12:01] [I] Average on 10 runs - GPU latency: 3.55938 ms - Host latency: 3.87812 ms (enqueue 0.00625 ms)
[08/03/2026-14:12:01] [I] Average on 10 runs - GPU latency: 3.56211 ms - Host latency: 3.88047 ms (enqueue 0.00664063 ms)
[08/03/2026-14:12:01] [I] Average on 10 runs - GPU latency: 3.56367 ms - Host latency: 3.88672 ms (enqueue 0.00625 ms)
[08/03/2026-14:12:01] [I] Average on 10 runs - GPU latency: 3.56328 ms - Host latency: 3.88242 ms (enqueue 0.00507812 ms)
[08/03/2026-14:12:01] [I] Average on 10 runs - GPU latency: 3.56289 ms - Host latency: 3.88047 ms (enqueue 0.00625 ms)
[08/03/2026-14:12:01] [I] Average on 10 runs - GPU latency: 3.56211 ms - Host latency: 3.88164 ms (enqueue 0.00625 ms)
[08/03/2026-14:12:01] [I] Average on 10 runs - GPU latency: 3.56094 ms - Host latency: 3.88047 ms (enqueue 0.00664063 ms)
[08/03/2026-14:12:01] [I] Average on 10 runs - GPU latency: 3.55898 ms - Host latency: 3.87734 ms (enqueue 0.00742187 ms)
[08/03/2026-14:12:01] [I] Average on 10 runs - GPU latency: 3.56211 ms - Host latency: 3.88164 ms (enqueue 0.00664063 ms)
[08/03/2026-14:12:01] [I] Average on 10 runs - GPU latency: 3.56133 ms - Host latency: 3.8793 ms (enqueue 0.00664063 ms)
[08/03/2026-14:12:01] [I] Average on 10 runs - GPU latency: 3.56211 ms - Host latency: 3.88047 ms (enqueue 0.00546875 ms)
[08/03/2026-14:12:01] [I] Average on 10 runs - GPU latency: 3.55859 ms - Host latency: 3.87852 ms (enqueue 0.00625 ms)
[08/03/2026-14:12:01] [I] Average on 10 runs - GPU latency: 3.56094 ms - Host latency: 3.88125 ms (enqueue 0.00585938 ms)
[08/03/2026-14:12:01] [I] Average on 10 runs - GPU latency: 3.56172 ms - Host latency: 3.88047 ms (enqueue 0.00546875 ms)
[08/03/2026-14:12:01] [I] Average on 10 runs - GPU latency: 3.56289 ms - Host latency: 3.89023 ms (enqueue 0.00625 ms)
[08/03/2026-14:12:01] [I] Average on 10 runs - GPU latency: 3.56406 ms - Host latency: 3.88477 ms (enqueue 0.00625 ms)
[08/03/2026-14:12:01] [I] Average on 10 runs - GPU latency: 3.56484 ms - Host latency: 3.88398 ms (enqueue 0.0046875 ms)
[08/03/2026-14:12:01] [I] Average on 10 runs - GPU latency: 3.56172 ms - Host latency: 3.88164 ms (enqueue 0.00585938 ms)
[08/03/2026-14:12:01] [I] Average on 10 runs - GPU latency: 3.5625 ms - Host latency: 3.88164 ms (enqueue 0.0046875 ms)
[08/03/2026-14:12:01] [I] Average on 10 runs - GPU latency: 3.55977 ms - Host latency: 3.87969 ms (enqueue 0.00429688 ms)
[08/03/2026-14:12:01] [I] Average on 10 runs - GPU latency: 3.55898 ms - Host latency: 3.88086 ms (enqueue 0.00625 ms)
[08/03/2026-14:12:01] [I] Average on 10 runs - GPU latency: 3.56211 ms - Host latency: 3.88008 ms (enqueue 0.00429688 ms)
[08/03/2026-14:12:01] [I] Average on 10 runs - GPU latency: 3.56133 ms - Host latency: 3.88164 ms (enqueue 0.00585938 ms)
[08/03/2026-14:12:01] [I] Average on 10 runs - GPU latency: 3.56016 ms - Host latency: 3.8793 ms (enqueue 0.0046875 ms)
[08/03/2026-14:12:01] [I] Average on 10 runs - GPU latency: 3.56094 ms - Host latency: 3.88164 ms (enqueue 0.00625 ms)
[08/03/2026-14:12:01] [I] Average on 10 runs - GPU latency: 3.56172 ms - Host latency: 3.88203 ms (enqueue 0.00507812 ms)
[08/03/2026-14:12:01] [I] Average on 10 runs - GPU latency: 3.56172 ms - Host latency: 3.88008 ms (enqueue 0.0046875 ms)
[08/03/2026-14:12:01] [I] Average on 10 runs - GPU latency: 3.56172 ms - Host latency: 3.88125 ms (enqueue 0.00585938 ms)
[08/03/2026-14:12:01] [I] Average on 10 runs - GPU latency: 3.5625 ms - Host latency: 3.88203 ms (enqueue 0.00664063 ms)
[08/03/2026-14:12:01] [I] Average on 10 runs - GPU latency: 3.56328 ms - Host latency: 3.88086 ms (enqueue 0.00585938 ms)
[08/03/2026-14:12:01] [I] Average on 10 runs - GPU latency: 3.56328 ms - Host latency: 3.8832 ms (enqueue 0.00820312 ms)
[08/03/2026-14:12:01] [I] Average on 10 runs - GPU latency: 3.56094 ms - Host latency: 3.8793 ms (enqueue 0.00703125 ms)
[08/03/2026-14:12:01] [I] Average on 10 runs - GPU latency: 3.56172 ms - Host latency: 3.88086 ms (enqueue 0.00664063 ms)
[08/03/2026-14:12:01] [I] Average on 10 runs - GPU latency: 3.56016 ms - Host latency: 3.87852 ms (enqueue 0.0046875 ms)
[08/03/2026-14:12:01] [I] Average on 10 runs - GPU latency: 3.5625 ms - Host latency: 3.88477 ms (enqueue 0.00429688 ms)
[08/03/2026-14:12:01] [I] Average on 10 runs - GPU latency: 3.56133 ms - Host latency: 3.88242 ms (enqueue 0.00625 ms)
[08/03/2026-14:12:01] [I] Average on 10 runs - GPU latency: 3.56211 ms - Host latency: 3.88125 ms (enqueue 0.00585938 ms)
[08/03/2026-14:12:01] [I] Average on 10 runs - GPU latency: 3.56211 ms - Host latency: 3.88203 ms (enqueue 0.00625 ms)
[08/03/2026-14:12:01] [I] Average on 10 runs - GPU latency: 3.56172 ms - Host latency: 3.88008 ms (enqueue 0.00507812 ms)
[08/03/2026-14:12:01] [I] Average on 10 runs - GPU latency: 3.55938 ms - Host latency: 3.87852 ms (enqueue 0.00625 ms)
[08/03/2026-14:12:01] [I] Average on 10 runs - GPU latency: 3.56523 ms - Host latency: 3.88438 ms (enqueue 0.00546875 ms)
[08/03/2026-14:12:01] [I] Average on 10 runs - GPU latency: 3.5625 ms - Host latency: 3.88242 ms (enqueue 0.00703125 ms)
[08/03/2026-14:12:01] [I] Average on 10 runs - GPU latency: 3.56602 ms - Host latency: 3.89102 ms (enqueue 0.00664063 ms)
[08/03/2026-14:12:01] [I] Average on 10 runs - GPU latency: 3.56133 ms - Host latency: 3.88203 ms (enqueue 0.00546875 ms)
[08/03/2026-14:12:01] [I] Average on 10 runs - GPU latency: 3.56055 ms - Host latency: 3.88086 ms (enqueue 0.00742187 ms)
[08/03/2026-14:12:01] [I] Average on 10 runs - GPU latency: 3.55977 ms - Host latency: 3.87812 ms (enqueue 0.00820312 ms)
[08/03/2026-14:12:01] [I] Average on 10 runs - GPU latency: 3.56289 ms - Host latency: 3.88398 ms (enqueue 0.00664063 ms)
[08/03/2026-14:12:01] [I] Average on 10 runs - GPU latency: 3.55859 ms - Host latency: 3.87773 ms (enqueue 0.0046875 ms)
[08/03/2026-14:12:01] [I] Average on 10 runs - GPU latency: 3.56016 ms - Host latency: 3.87891 ms (enqueue 0.00546875 ms)
[08/03/2026-14:12:01] [I] Average on 10 runs - GPU latency: 3.55977 ms - Host latency: 3.87891 ms (enqueue 0.00625 ms)
[08/03/2026-14:12:01] [I] Average on 10 runs - GPU latency: 3.56172 ms - Host latency: 3.88047 ms (enqueue 0.00625 ms)
[08/03/2026-14:12:01] [I] Average on 10 runs - GPU latency: 3.56172 ms - Host latency: 3.88086 ms (enqueue 0.00507812 ms)
[08/03/2026-14:12:01] [I] Average on 10 runs - GPU latency: 3.56367 ms - Host latency: 3.8832 ms (enqueue 0.00429688 ms)
[08/03/2026-14:12:01] [I] Average on 10 runs - GPU latency: 3.56328 ms - Host latency: 3.8832 ms (enqueue 0.00585938 ms)
[08/03/2026-14:12:01] [I] Average on 10 runs - GPU latency: 3.56055 ms - Host latency: 3.88086 ms (enqueue 0.00664063 ms)
[08/03/2026-14:12:01] [I] Average on 10 runs - GPU latency: 3.55977 ms - Host latency: 3.87852 ms (enqueue 0.0078125 ms)
[08/03/2026-14:12:01] [I] Average on 10 runs - GPU latency: 3.56094 ms - Host latency: 3.88047 ms (enqueue 0.00664063 ms)
[08/03/2026-14:12:01] [I] Average on 10 runs - GPU latency: 3.56172 ms - Host latency: 3.88086 ms (enqueue 0.00742187 ms)
[08/03/2026-14:12:01] [I] Average on 10 runs - GPU latency: 3.56133 ms - Host latency: 3.88125 ms (enqueue 0.00625 ms)
[08/03/2026-14:12:01] [I] Average on 10 runs - GPU latency: 3.56172 ms - Host latency: 3.88125 ms (enqueue 0.00625 ms)
[08/03/2026-14:12:01] [I] Average on 10 runs - GPU latency: 3.56211 ms - Host latency: 3.88281 ms (enqueue 0.00507812 ms)
[08/03/2026-14:12:01] [I] Average on 10 runs - GPU latency: 3.56328 ms - Host latency: 3.88281 ms (enqueue 0.00664063 ms)
[08/03/2026-14:12:01] [I] Average on 10 runs - GPU latency: 3.56172 ms - Host latency: 3.88086 ms (enqueue 0.00507812 ms)
[08/03/2026-14:12:01] [I] Average on 10 runs - GPU latency: 3.56172 ms - Host latency: 3.87969 ms (enqueue 0.00546875 ms)
[08/03/2026-14:12:01] [I] Average on 10 runs - GPU latency: 3.56367 ms - Host latency: 3.88086 ms (enqueue 0.00625 ms)
[08/03/2026-14:12:01] [I] Average on 10 runs - GPU latency: 3.56094 ms - Host latency: 3.87852 ms (enqueue 0.00703125 ms)
[08/03/2026-14:12:01] [I] Average on 10 runs - GPU latency: 3.56289 ms - Host latency: 3.88203 ms (enqueue 0.00546875 ms)
[08/03/2026-14:12:01] [I] Average on 10 runs - GPU latency: 3.56055 ms - Host latency: 3.87773 ms (enqueue 0.00507812 ms)
[08/03/2026-14:12:01] [I] Average on 10 runs - GPU latency: 3.56016 ms - Host latency: 3.88047 ms (enqueue 0.00546875 ms)
[08/03/2026-14:12:01] [I] Average on 10 runs - GPU latency: 3.5625 ms - Host latency: 3.88086 ms (enqueue 0.00585938 ms)
[08/03/2026-14:12:01] [I] Average on 10 runs - GPU latency: 3.56289 ms - Host latency: 3.88359 ms (enqueue 0.00585938 ms)
[08/03/2026-14:12:01] [I] Average on 10 runs - GPU latency: 3.56602 ms - Host latency: 3.89258 ms (enqueue 0.00625 ms)
[08/03/2026-14:12:01] [I] Average on 10 runs - GPU latency: 3.56289 ms - Host latency: 3.88164 ms (enqueue 0.00546875 ms)
[08/03/2026-14:12:01] [I] Average on 10 runs - GPU latency: 3.56094 ms - Host latency: 3.8793 ms (enqueue 0.00625 ms)
[08/03/2026-14:12:01] [I] Average on 10 runs - GPU latency: 3.56328 ms - Host latency: 3.88359 ms (enqueue 0.00742187 ms)
[08/03/2026-14:12:01] [I] Average on 10 runs - GPU latency: 3.56016 ms - Host latency: 3.88047 ms (enqueue 0.00429688 ms)
[08/03/2026-14:12:01] [I] Average on 10 runs - GPU latency: 3.5625 ms - Host latency: 3.88125 ms (enqueue 0.00625 ms)
[08/03/2026-14:12:01] [I] Average on 10 runs - GPU latency: 3.56289 ms - Host latency: 3.88359 ms (enqueue 0.00546875 ms)
[08/03/2026-14:12:01] [I] Average on 10 runs - GPU latency: 3.55898 ms - Host latency: 3.87812 ms (enqueue 0.00625 ms)
[08/03/2026-14:12:01] [I] Average on 10 runs - GPU latency: 3.56328 ms - Host latency: 3.88281 ms (enqueue 0.00742187 ms)
[08/03/2026-14:12:01] [I] Average on 10 runs - GPU latency: 3.56172 ms - Host latency: 3.88164 ms (enqueue 0.00625 ms)
[08/03/2026-14:12:01] [I] Average on 10 runs - GPU latency: 3.5625 ms - Host latency: 3.88516 ms (enqueue 0.00703125 ms)
[08/03/2026-14:12:01] [I] Average on 10 runs - GPU latency: 3.55977 ms - Host latency: 3.88164 ms (enqueue 0.00546875 ms)
[08/03/2026-14:12:01] [I] Average on 10 runs - GPU latency: 3.5625 ms - Host latency: 3.88203 ms (enqueue 0.00429688 ms)
[08/03/2026-14:12:01] [I] Average on 10 runs - GPU latency: 3.56172 ms - Host latency: 3.88242 ms (enqueue 0.00625 ms)
[08/03/2026-14:12:01] [I] Average on 10 runs - GPU latency: 3.56562 ms - Host latency: 3.88555 ms (enqueue 0.00585938 ms)
[08/03/2026-14:12:01] [I] Average on 10 runs - GPU latency: 3.56289 ms - Host latency: 3.8832 ms (enqueue 0.0078125 ms)
[08/03/2026-14:12:01] [I] Average on 10 runs - GPU latency: 3.56172 ms - Host latency: 3.88281 ms (enqueue 0.00585938 ms)
[08/03/2026-14:12:01] [I] Average on 10 runs - GPU latency: 3.56211 ms - Host latency: 3.87969 ms (enqueue 0.00585938 ms)
[08/03/2026-14:12:01] [I] Average on 10 runs - GPU latency: 3.56367 ms - Host latency: 3.88164 ms (enqueue 0.00625 ms)
[08/03/2026-14:12:01] [I] Average on 10 runs - GPU latency: 3.56328 ms - Host latency: 3.88125 ms (enqueue 0.00585938 ms)
[08/03/2026-14:12:01] [I] Average on 10 runs - GPU latency: 3.5625 ms - Host latency: 3.88398 ms (enqueue 0.00585938 ms)
[08/03/2026-14:12:01] [I] Average on 10 runs - GPU latency: 3.55898 ms - Host latency: 3.88008 ms (enqueue 0.00585938 ms)
[08/03/2026-14:12:01] [I] Average on 10 runs - GPU latency: 3.55898 ms - Host latency: 3.87891 ms (enqueue 0.0046875 ms)
[08/03/2026-14:12:01] [I] Average on 10 runs - GPU latency: 3.56211 ms - Host latency: 3.88281 ms (enqueue 0.0046875 ms)
[08/03/2026-14:12:01] [I] Average on 10 runs - GPU latency: 3.56328 ms - Host latency: 3.88242 ms (enqueue 0.00546875 ms)
[08/03/2026-14:12:01] [I] Average on 10 runs - GPU latency: 3.56719 ms - Host latency: 3.89766 ms (enqueue 0.00585938 ms)
[08/03/2026-14:12:01] [I] Average on 10 runs - GPU latency: 3.56133 ms - Host latency: 3.88359 ms (enqueue 0.00546875 ms)
[08/03/2026-14:12:01] [I] Average on 10 runs - GPU latency: 3.55938 ms - Host latency: 3.87773 ms (enqueue 0.00625 ms)
[08/03/2026-14:12:01] [I] Average on 10 runs - GPU latency: 3.56445 ms - Host latency: 3.89141 ms (enqueue 0.00507812 ms)
[08/03/2026-14:12:01] [I] Average on 10 runs - GPU latency: 3.56289 ms - Host latency: 3.88281 ms (enqueue 0.00546875 ms)
[08/03/2026-14:12:01] [I] Average on 10 runs - GPU latency: 3.56133 ms - Host latency: 3.87969 ms (enqueue 0.00625 ms)
[08/03/2026-14:12:01] [I] Average on 10 runs - GPU latency: 3.55859 ms - Host latency: 3.87812 ms (enqueue 0.00546875 ms)
[08/03/2026-14:12:01] [I] Average on 10 runs - GPU latency: 3.55898 ms - Host latency: 3.87734 ms (enqueue 0.00429688 ms)
[08/03/2026-14:12:01] [I] Average on 10 runs - GPU latency: 3.56211 ms - Host latency: 3.88125 ms (enqueue 0.00625 ms)
[08/03/2026-14:12:01] [I] Average on 10 runs - GPU latency: 3.56094 ms - Host latency: 3.88086 ms (enqueue 0.00625 ms)
[08/03/2026-14:12:01] [I] Average on 10 runs - GPU latency: 3.56055 ms - Host latency: 3.87891 ms (enqueue 0.00546875 ms)
[08/03/2026-14:12:01] [I] Average on 10 runs - GPU latency: 3.55938 ms - Host latency: 3.87852 ms (enqueue 0.00507812 ms)
[08/03/2026-14:12:01] [I] Average on 10 runs - GPU latency: 3.56055 ms - Host latency: 3.87969 ms (enqueue 0.00625 ms)
[08/03/2026-14:12:01] [I] Average on 10 runs - GPU latency: 3.55938 ms - Host latency: 3.87852 ms (enqueue 0.00585938 ms)
[08/03/2026-14:12:01] [I] Average on 10 runs - GPU latency: 3.56094 ms - Host latency: 3.88164 ms (enqueue 0.00546875 ms)
[08/03/2026-14:12:01] [I] Average on 10 runs - GPU latency: 3.5625 ms - Host latency: 3.88086 ms (enqueue 0.00546875 ms)
[08/03/2026-14:12:01] [I] Average on 10 runs - GPU latency: 3.56211 ms - Host latency: 3.88281 ms (enqueue 0.00585938 ms)
[08/03/2026-14:12:01] [I] Average on 10 runs - GPU latency: 3.56094 ms - Host latency: 3.88125 ms (enqueue 0.00625 ms)
[08/03/2026-14:12:01] [I] Average on 10 runs - GPU latency: 3.56289 ms - Host latency: 3.88164 ms (enqueue 0.00703125 ms)
[08/03/2026-14:12:01] [I] Average on 10 runs - GPU latency: 3.56211 ms - Host latency: 3.88438 ms (enqueue 0.00507812 ms)
[08/03/2026-14:12:01] [I] Average on 10 runs - GPU latency: 3.56289 ms - Host latency: 3.88203 ms (enqueue 0.00625 ms)
[08/03/2026-14:12:01] [I] Average on 10 runs - GPU latency: 3.56172 ms - Host latency: 3.88047 ms (enqueue 0.00625 ms)
[08/03/2026-14:12:01] [I] Average on 10 runs - GPU latency: 3.56211 ms - Host latency: 3.88125 ms (enqueue 0.00664063 ms)
[08/03/2026-14:12:01] [I] Average on 10 runs - GPU latency: 3.56172 ms - Host latency: 3.88125 ms (enqueue 0.00625 ms)
[08/03/2026-14:12:01] [I] Average on 10 runs - GPU latency: 3.55859 ms - Host latency: 3.87773 ms (enqueue 0.00703125 ms)
[08/03/2026-14:12:01] [I] Average on 10 runs - GPU latency: 3.56133 ms - Host latency: 3.88203 ms (enqueue 0.00546875 ms)
[08/03/2026-14:12:01] [I] Average on 10 runs - GPU latency: 3.55938 ms - Host latency: 3.87812 ms (enqueue 0.00742187 ms)
[08/03/2026-14:12:01] [I] Average on 10 runs - GPU latency: 3.56133 ms - Host latency: 3.88047 ms (enqueue 0.00742187 ms)
[08/03/2026-14:12:01] [I] Average on 10 runs - GPU latency: 3.55781 ms - Host latency: 3.87617 ms (enqueue 0.00703125 ms)
[08/03/2026-14:12:01] [I] Average on 10 runs - GPU latency: 3.56406 ms - Host latency: 3.88516 ms (enqueue 0.00625 ms)
[08/03/2026-14:12:01] [I] Average on 10 runs - GPU latency: 3.56016 ms - Host latency: 3.88164 ms (enqueue 0.00625 ms)
[08/03/2026-14:12:01] [I] Average on 10 runs - GPU latency: 3.56602 ms - Host latency: 3.88867 ms (enqueue 0.00664063 ms)
[08/03/2026-14:12:01] [I] Average on 10 runs - GPU latency: 3.56211 ms - Host latency: 3.88711 ms (enqueue 0.00703125 ms)
[08/03/2026-14:12:01] [I] Average on 10 runs - GPU latency: 3.56172 ms - Host latency: 3.88281 ms (enqueue 0.00625 ms)
[08/03/2026-14:12:01] [I] Average on 10 runs - GPU latency: 3.55977 ms - Host latency: 3.87969 ms (enqueue 0.00664063 ms)
[08/03/2026-14:12:01] [I] Average on 10 runs - GPU latency: 3.56094 ms - Host latency: 3.88242 ms (enqueue 0.0046875 ms)
[08/03/2026-14:12:01] [I] Average on 10 runs - GPU latency: 3.56016 ms - Host latency: 3.87852 ms (enqueue 0.00703125 ms)
[08/03/2026-14:12:01] [I] Average on 10 runs - GPU latency: 3.56367 ms - Host latency: 3.88516 ms (enqueue 0.00507812 ms)
[08/03/2026-14:12:01] [I] Average on 10 runs - GPU latency: 3.56211 ms - Host latency: 3.88242 ms (enqueue 0.00546875 ms)
[08/03/2026-14:12:01] [I] Average on 10 runs - GPU latency: 3.56289 ms - Host latency: 3.8832 ms (enqueue 0.00585938 ms)
[08/03/2026-14:12:01] [I] Average on 10 runs - GPU latency: 3.56406 ms - Host latency: 3.88242 ms (enqueue 0.00429688 ms)
[08/03/2026-14:12:01] [I] Average on 10 runs - GPU latency: 3.56172 ms - Host latency: 3.88242 ms (enqueue 0.00664063 ms)
[08/03/2026-14:12:01] [I] Average on 10 runs - GPU latency: 3.56055 ms - Host latency: 3.88047 ms (enqueue 0.00664063 ms)
[08/03/2026-14:12:01] [I] Average on 10 runs - GPU latency: 3.56133 ms - Host latency: 3.88203 ms (enqueue 0.00625 ms)
[08/03/2026-14:12:01] [I] 
[08/03/2026-14:12:01] [I] === Performance summary ===
[08/03/2026-14:12:01] [I] Throughput: 280.116 qps
[08/03/2026-14:12:01] [I] Latency: min = 3.8125 ms, max = 4.03564 ms, mean = 3.88863 ms, median = 3.88281 ms, percentile(90%) = 3.91113 ms, percentile(95%) = 3.92383 ms, percentile(99%) = 3.9375 ms
[08/03/2026-14:12:01] [I] Enqueue Time: min = 0.00390625 ms, max = 0.015625 ms, mean = 0.00606163 ms, median = 0.00585938 ms, percentile(90%) = 0.0078125 ms, percentile(95%) = 0.0078125 ms, percentile(99%) = 0.0117188 ms
[08/03/2026-14:12:01] [I] H2D Latency: min = 0.238281 ms, max = 0.361816 ms, mean = 0.297756 ms, median = 0.296875 ms, percentile(90%) = 0.300781 ms, percentile(95%) = 0.304688 ms, percentile(99%) = 0.316406 ms
[08/03/2026-14:12:01] [I] GPU Compute Time: min = 3.50781 ms, max = 3.65967 ms, mean = 3.56867 ms, median = 3.5625 ms, percentile(90%) = 3.58887 ms, percentile(95%) = 3.60547 ms, percentile(99%) = 3.6123 ms
[08/03/2026-14:12:01] [I] D2H Latency: min = 0.0078125 ms, max = 0.0292969 ms, mean = 0.0221962 ms, median = 0.0234375 ms, percentile(90%) = 0.0234375 ms, percentile(95%) = 0.0253906 ms, percentile(99%) = 0.0273438 ms
[08/03/2026-14:12:01] [I] Total Host Walltime: 60.0109 s
[08/03/2026-14:12:01] [I] Total GPU Compute Time: 59.9893 s
[08/03/2026-14:12:01] [I] Explanations of the performance metrics are printed in the verbose logs.
[08/03/2026-14:12:01] [I] 
&&&& PASSED TensorRT.trtexec [TensorRT v100300] # /usr/src/tensorrt/bin/trtexec --loadEngine=artifacts/obstacle_lower_limb/best.engine --warmUp=5000 --duration=60 --useCudaGraph --useSpinWait
